// Jest Snapshot v1, https://goo.gl/fbAQLP

exports[`VideoPlayer is renderer correctly 1`] = `
<div
  className="small-movie-card__image"
>
  <video
    height={175}
    muted={true}
    poster="img/fantastic-beasts-the-crimes-of-grindelwald.jpg"
    src="https://download.blender.org/durian/trailer/sintel_trailer-480p.mp4"
    width={280}
  />
</div>
`;
