// Jest Snapshot v1, https://goo.gl/fbAQLP

exports[`SmallMovieCard is rendered 1`] = `
<article
  className="small-movie-card catalog__movies-card"
  data-id={1}
  onClick={[Function]}
  onMouseEnter={[Function]}
>
  <div
    className="small-movie-card__image"
  >
    <video
      height={175}
      muted={true}
      onCanPlayThrough={[Function]}
      poster="img/fantastic-beasts-the-crimes-of-grindelwald.jpg"
      src="https://download.blender.org/durian/trailer/sintel_trailer-480p.mp4"
      width={280}
    />
  </div>
  <h3
    className="small-movie-card__title"
  >
    <a
      className="small-movie-card__link"
      href="movie-page.html"
      onClick={[Function]}
    >
      Fantastic Beasts: The Crimes of Grindelwald
    </a>
  </h3>
</article>
`;
